// Jest Snapshot v1, https://goo.gl/fbAQLP

exports[`Home renders homepage unchanged 1`] = `
<div>
  <h1>
    Hello
  </h1>
</div>
`;
